// Vitest Snapshot v1, https://vitest.dev/guide/snapshot.html

exports[`class overlay > progression of decisions per class (snapshot) 1`] = `
{
  "barbarian": [
    "L1 masteries melee x2",
    "L3 subclass",
    "L4 asi",
    "L8 asi",
    "L12 asi",
    "L16 asi",
    "L19 asi epic",
  ],
  "bard": [
    "L2 expertise x2",
    "L3 subclass",
    "L4 asi",
    "L8 asi",
    "L9 expertise x2",
    "L12 asi",
    "L16 asi",
    "L19 asi epic",
  ],
  "cleric": [
    "L1 order",
    "L3 subclass",
    "L4 asi",
    "L8 asi",
    "L12 asi",
    "L16 asi",
    "L19 asi epic",
  ],
  "druid": [
    "L1 order",
    "L3 subclass",
    "L4 asi",
    "L8 asi",
    "L12 asi",
    "L16 asi",
    "L19 asi epic",
  ],
  "fighter": [
    "L1 fightingStyle",
    "L1 masteries any x3",
    "L3 subclass",
    "L4 asi",
    "L6 asi",
    "L8 asi",
    "L12 asi",
    "L14 asi",
    "L16 asi",
    "L19 asi epic",
  ],
  "monk": [
    "L3 subclass",
    "L4 asi",
    "L8 asi",
    "L12 asi",
    "L16 asi",
    "L19 asi epic",
  ],
  "paladin": [
    "L1 masteries proficient x2",
    "L2 fightingStyle",
    "L3 subclass",
    "L4 asi",
    "L8 asi",
    "L12 asi",
    "L16 asi",
    "L19 asi epic",
  ],
  "ranger": [
    "L1 masteries proficient x2",
    "L2 fightingStyle",
    "L2 expertise x1",
    "L3 subclass",
    "L4 asi",
    "L8 asi",
    "L9 expertise x2",
    "L12 asi",
    "L16 asi",
    "L19 asi epic",
  ],
  "rogue": [
    "L1 expertise x2",
    "L1 masteries proficient x2",
    "L3 subclass",
    "L4 asi",
    "L6 expertise x2",
    "L8 asi",
    "L10 asi",
    "L12 asi",
    "L16 asi",
    "L19 asi epic",
  ],
  "sorcerer": [
    "L2 metamagic x2",
    "L3 subclass",
    "L4 asi",
    "L8 asi",
    "L10 metamagic x2",
    "L12 asi",
    "L16 asi",
    "L17 metamagic x2",
    "L19 asi epic",
  ],
  "warlock": [
    "L1 invocations x1",
    "L3 subclass",
    "L4 asi",
    "L8 asi",
    "L12 asi",
    "L16 asi",
    "L19 asi epic",
  ],
  "wizard": [
    "L2 expertise x1",
    "L3 subclass",
    "L4 asi",
    "L8 asi",
    "L12 asi",
    "L16 asi",
    "L19 asi epic",
  ],
}
`;
